// Jest Snapshot v1, https://goo.gl/fbAQLP

exports[`NameMatchLabel Styled: shallow render & match the snapshot 1`] = `
.c0 {
  font-size: 0.75rem;
  display: inline-block;
  background: undefined29;
  padding: 2px 6px;
  line-height: 16px;
}

<span
  className="c0"
/>
`;

exports[`NameMatchLabel shallow render & match the snapshot 1`] = `
<styled__StyledNameMatchLabel
  $result="NO_MATCH"
>
  No Match - 0%
</styled__StyledNameMatchLabel>
`;
