// Jest Snapshot v1, https://goo.gl/fbAQLP

exports[`VideoEmbedModal Styled: shallow render & match the snapshot 1`] = `
.c0 {
  border-radius: 8px;
  border: 1px #FFFFFF66 solid;
  box-shadow: 0 0 0 6px #FFFFFF1a;
}

<div
  className="ui embed c0"
  onClick={[Function]}
>
  <i
    aria-hidden="true"
    className="video play icon"
    onClick={[Function]}
  />
</div>
`;

exports[`VideoEmbedModal shallow render & match the snapshot 1`] = `
<styled__StyledModal
  onClose={[MockFunction]}
  open={true}
>
  <styled__StyledContent
    className="p-0"
  >
    <styled__StyledEmbed
      active={true}
      autoplay={false}
      iframe={
        Object {
          "allowFullScreen": true,
        }
      }
      placeholder="How to generate API keys?"
      role="video-embed"
      url="https://www.youtube.com/embed/FbP1Jyvvetk?clip=Ugkxd4VLtOQJlubaduWG6uRiuNeTm9iGaEaO&amp;clipt=EPDhOhij_Ts"
    />
  </styled__StyledContent>
</styled__StyledModal>
`;
